src/components/admin/ManageStore.tsx(2,26): error TS2792: Cannot find module '@/integrations/supabase/client'. Did you mean to set the 'moduleResolution' option to 'nodenext', or to add aliases to the 'paths' option?
src/components/admin/ManageStore.tsx(3,24): error TS2792: Cannot find module '@/components/ui/button'. Did you mean to set the 'moduleResolution' option to 'nodenext', or to add aliases to the 'paths' option?
src/components/admin/ManageStore.tsx(4,23): error TS2792: Cannot find module '@/components/ui/input'. Did you mean to set the 'moduleResolution' option to 'nodenext', or to add aliases to the 'paths' option?
src/components/admin/ManageStore.tsx(5,23): error TS2792: Cannot find module '@/components/ui/label'. Did you mean to set the 'moduleResolution' option to 'nodenext', or to add aliases to the 'paths' option?
src/components/admin/ManageStore.tsx(6,26): error TS2792: Cannot find module '@/components/ui/textarea'. Did you mean to set the 'moduleResolution' option to 'nodenext', or to add aliases to the 'paths' option?
src/components/admin/ManageStore.tsx(7,79): error TS2792: Cannot find module '@/components/ui/select'. Did you mean to set the 'moduleResolution' option to 'nodenext', or to add aliases to the 'paths' option?
src/components/admin/ManageStore.tsx(8,24): error TS2792: Cannot find module '@/components/ui/switch'. Did you mean to set the 'moduleResolution' option to 'nodenext', or to add aliases to the 'paths' option?
src/components/admin/ManageStore.tsx(9,26): error TS2792: Cannot find module '@/hooks/use-toast'. Did you mean to set the 'moduleResolution' option to 'nodenext', or to add aliases to the 'paths' option?
src/components/admin/ManageStore.tsx(10,25): error TS2792: Cannot find module '@/contexts/AuthContext'. Did you mean to set the 'moduleResolution' option to 'nodenext', or to add aliases to the 'paths' option?
src/components/admin/ManageStore.tsx(11,101): error TS2792: Cannot find module 'lucide-react'. Did you mean to set the 'moduleResolution' option to 'nodenext', or to add aliases to the 'paths' option?
src/components/admin/ManageStore.tsx(131,5): error TS2339: Property 'div' does not exist on type 'JSX.IntrinsicElements'.
src/components/admin/ManageStore.tsx(132,7): error TS2339: Property 'div' does not exist on type 'JSX.IntrinsicElements'.
src/components/admin/ManageStore.tsx(133,9): error TS2339: Property 'div' does not exist on type 'JSX.IntrinsicElements'.
src/components/admin/ManageStore.tsx(136,11): error TS2339: Property 'p' does not exist on type 'JSX.IntrinsicElements'.
src/components/admin/ManageStore.tsx(136,111): error TS2339: Property 'p' does not exist on type 'JSX.IntrinsicElements'.
src/components/admin/ManageStore.tsx(137,9): error TS2339: Property 'div' does not exist on type 'JSX.IntrinsicElements'.
src/components/admin/ManageStore.tsx(138,9): error TS2339: Property 'div' does not exist on type 'JSX.IntrinsicElements'.
src/components/admin/ManageStore.tsx(141,9): error TS2339: Property 'div' does not exist on type 'JSX.IntrinsicElements'.
src/components/admin/ManageStore.tsx(142,9): error TS2339: Property 'div' does not exist on type 'JSX.IntrinsicElements'.
src/components/admin/ManageStore.tsx(145,11): error TS2339: Property 'p' does not exist on type 'JSX.IntrinsicElements'.
src/components/admin/ManageStore.tsx(145,113): error TS2339: Property 'p' does not exist on type 'JSX.IntrinsicElements'.
src/components/admin/ManageStore.tsx(146,9): error TS2339: Property 'div' does not exist on type 'JSX.IntrinsicElements'.
src/components/admin/ManageStore.tsx(147,9): error TS2339: Property 'div' does not exist on type 'JSX.IntrinsicElements'.
src/components/admin/ManageStore.tsx(149,11): error TS2339: Property 'div' does not exist on type 'JSX.IntrinsicElements'.
src/components/admin/ManageStore.tsx(150,13): error TS2339: Property 'label' does not exist on type 'JSX.IntrinsicElements'.
src/components/admin/ManageStore.tsx(153,15): error TS2339: Property 'input' does not exist on type 'JSX.IntrinsicElements'.
src/components/admin/ManageStore.tsx(154,13): error TS2339: Property 'label' does not exist on type 'JSX.IntrinsicElements'.
src/components/admin/ManageStore.tsx(156,15): error TS2339: Property 'img' does not exist on type 'JSX.IntrinsicElements'.
src/components/admin/ManageStore.tsx(158,11): error TS2339: Property 'div' does not exist on type 'JSX.IntrinsicElements'.
src/components/admin/ManageStore.tsx(159,9): error TS2339: Property 'div' does not exist on type 'JSX.IntrinsicElements'.
src/components/admin/ManageStore.tsx(160,9): error TS2339: Property 'div' does not exist on type 'JSX.IntrinsicElements'.
src/components/admin/ManageStore.tsx(163,11): error TS2339: Property 'p' does not exist on type 'JSX.IntrinsicElements'.
src/components/admin/ManageStore.tsx(163,107): error TS2339: Property 'p' does not exist on type 'JSX.IntrinsicElements'.
src/components/admin/ManageStore.tsx(164,9): error TS2339: Property 'div' does not exist on type 'JSX.IntrinsicElements'.
src/components/admin/ManageStore.tsx(165,7): error TS2339: Property 'div' does not exist on type 'JSX.IntrinsicElements'.
src/components/admin/ManageStore.tsx(169,5): error TS2339: Property 'div' does not exist on type 'JSX.IntrinsicElements'.
src/components/admin/ManageStore.tsx(265,5): error TS2339: Property 'div' does not exist on type 'JSX.IntrinsicElements'.
src/components/admin/ManageStore.tsx(267,7): error TS2339: Property 'div' does not exist on type 'JSX.IntrinsicElements'.
src/components/admin/ManageStore.tsx(268,9): error TS2339: Property 'div' does not exist on type 'JSX.IntrinsicElements'.
src/components/admin/ManageStore.tsx(269,11): error TS2339: Property 'p' does not exist on type 'JSX.IntrinsicElements'.
src/components/admin/ManageStore.tsx(269,90): error TS2339: Property 'p' does not exist on type 'JSX.IntrinsicElements'.
src/components/admin/ManageStore.tsx(270,11): error TS2339: Property 'p' does not exist on type 'JSX.IntrinsicElements'.
src/components/admin/ManageStore.tsx(270,111): error TS2339: Property 'p' does not exist on type 'JSX.IntrinsicElements'.
src/components/admin/ManageStore.tsx(271,9): error TS2339: Property 'div' does not exist on type 'JSX.IntrinsicElements'.
src/components/admin/ManageStore.tsx(273,7): error TS2339: Property 'div' does not exist on type 'JSX.IntrinsicElements'.
src/components/admin/ManageStore.tsx(276,7): error TS2339: Property 'div' does not exist on type 'JSX.IntrinsicElements'.
src/components/admin/ManageStore.tsx(277,9): error TS2339: Property 'p' does not exist on type 'JSX.IntrinsicElements'.
src/components/admin/ManageStore.tsx(277,106): error TS2339: Property 'p' does not exist on type 'JSX.IntrinsicElements'.
src/components/admin/ManageStore.tsx(280,11): error TS2339: Property 'p' does not exist on type 'JSX.IntrinsicElements'.
src/components/admin/ManageStore.tsx(280,80): error TS2339: Property 'p' does not exist on type 'JSX.IntrinsicElements'.
src/components/admin/ManageStore.tsx(284,11): error TS2339: Property 'div' does not exist on type 'JSX.IntrinsicElements'.
src/components/admin/ManageStore.tsx(285,13): error TS2339: Property 'div' does not exist on type 'JSX.IntrinsicElements'.
src/components/admin/ManageStore.tsx(286,15): error TS2339: Property 'p' does not exist on type 'JSX.IntrinsicElements'.
src/components/admin/ManageStore.tsx(286,78): error TS2339: Property 'p' does not exist on type 'JSX.IntrinsicElements'.
src/components/admin/ManageStore.tsx(287,15): error TS2339: Property 'button' does not exist on type 'JSX.IntrinsicElements'.
src/components/admin/ManageStore.tsx(289,15): error TS2339: Property 'button' does not exist on type 'JSX.IntrinsicElements'.
src/components/admin/ManageStore.tsx(290,13): error TS2339: Property 'div' does not exist on type 'JSX.IntrinsicElements'.
src/components/admin/ManageStore.tsx(293,13): error TS2339: Property 'div' does not exist on type 'JSX.IntrinsicElements'.
src/components/admin/ManageStore.tsx(295,17): error TS2339: Property 'span' does not exist on type 'JSX.IntrinsicElements'.
src/components/admin/ManageStore.tsx(297,19): error TS2339: Property 'button' does not exist on type 'JSX.IntrinsicElements'.
src/components/admin/ManageStore.tsx(299,19): error TS2339: Property 'button' does not exist on type 'JSX.IntrinsicElements'.
src/components/admin/ManageStore.tsx(300,17): error TS2339: Property 'span' does not exist on type 'JSX.IntrinsicElements'.
src/components/admin/ManageStore.tsx(302,13): error TS2339: Property 'div' does not exist on type 'JSX.IntrinsicElements'.
src/components/admin/ManageStore.tsx(305,13): error TS2339: Property 'div' does not exist on type 'JSX.IntrinsicElements'.
src/components/admin/ManageStore.tsx(316,13): error TS2339: Property 'div' does not exist on type 'JSX.IntrinsicElements'.
src/components/admin/ManageStore.tsx(317,11): error TS2339: Property 'div' does not exist on type 'JSX.IntrinsicElements'.
src/components/admin/ManageStore.tsx(321,9): error TS2339: Property 'div' does not exist on type 'JSX.IntrinsicElements'.
src/components/admin/ManageStore.tsx(332,9): error TS2339: Property 'div' does not exist on type 'JSX.IntrinsicElements'.
src/components/admin/ManageStore.tsx(333,7): error TS2339: Property 'div' does not exist on type 'JSX.IntrinsicElements'.
src/components/admin/ManageStore.tsx(338,5): error TS2339: Property 'div' does not exist on type 'JSX.IntrinsicElements'.
src/components/admin/ManageStore.tsx(396,23): error TS2339: Property 'p' does not exist on type 'JSX.IntrinsicElements'.
src/components/admin/ManageStore.tsx(396,89): error TS2339: Property 'p' does not exist on type 'JSX.IntrinsicElements'.
src/components/admin/ManageStore.tsx(399,5): error TS2339: Property 'div' does not exist on type 'JSX.IntrinsicElements'.
src/components/admin/ManageStore.tsx(400,7): error TS2339: Property 'p' does not exist on type 'JSX.IntrinsicElements'.
src/components/admin/ManageStore.tsx(402,7): error TS2339: Property 'p' does not exist on type 'JSX.IntrinsicElements'.
src/components/admin/ManageStore.tsx(403,7): error TS2339: Property 'div' does not exist on type 'JSX.IntrinsicElements'.
src/components/admin/ManageStore.tsx(408,13): error TS2339: Property 'div' does not exist on type 'JSX.IntrinsicElements'.
src/components/admin/ManageStore.tsx(409,15): error TS2339: Property 'span' does not exist on type 'JSX.IntrinsicElements'.
src/components/admin/ManageStore.tsx(409,77): error TS2339: Property 'span' does not exist on type 'JSX.IntrinsicElements'.
src/components/admin/ManageStore.tsx(417,15): error TS2339: Property 'span' does not exist on type 'JSX.IntrinsicElements'.
src/components/admin/ManageStore.tsx(417,70): error TS2339: Property 'span' does not exist on type 'JSX.IntrinsicElements'.
src/components/admin/ManageStore.tsx(418,13): error TS2339: Property 'div' does not exist on type 'JSX.IntrinsicElements'.
src/components/admin/ManageStore.tsx(421,7): error TS2339: Property 'div' does not exist on type 'JSX.IntrinsicElements'.
src/components/admin/ManageStore.tsx(422,5): error TS2339: Property 'div' does not exist on type 'JSX.IntrinsicElements'.
src/components/admin/ManageStore.tsx(581,5): error TS2339: Property 'div' does not exist on type 'JSX.IntrinsicElements'.
src/components/admin/ManageStore.tsx(583,7): error TS2339: Property 'div' does not exist on type 'JSX.IntrinsicElements'.
src/components/admin/ManageStore.tsx(584,9): error TS2339: Property 'button' does not exist on type 'JSX.IntrinsicElements'.
src/components/admin/ManageStore.tsx(586,11): error TS2339: Property 'h4' does not exist on type 'JSX.IntrinsicElements'.
src/components/admin/ManageStore.tsx(586,91): error TS2339: Property 'h4' does not exist on type 'JSX.IntrinsicElements'.
src/components/admin/ManageStore.tsx(587,11): error TS2339: Property 'span' does not exist on type 'JSX.IntrinsicElements'.
src/components/admin/ManageStore.tsx(587,100): error TS2339: Property 'span' does not exist on type 'JSX.IntrinsicElements'.
src/components/admin/ManageStore.tsx(588,9): error TS2339: Property 'button' does not exist on type 'JSX.IntrinsicElements'.
src/components/admin/ManageStore.tsx(590,7): error TS2339: Property 'div' does not exist on type 'JSX.IntrinsicElements'.
src/components/admin/ManageStore.tsx(593,7): error TS2339: Property 'div' does not exist on type 'JSX.IntrinsicElements'.
src/components/admin/ManageStore.tsx(594,9): error TS2339: Property 'button' does not exist on type 'JSX.IntrinsicElements'.
src/components/admin/ManageStore.tsx(596,11): error TS2339: Property 'h4' does not exist on type 'JSX.IntrinsicElements'.
src/components/admin/ManageStore.tsx(596,89): error TS2339: Property 'h4' does not exist on type 'JSX.IntrinsicElements'.
src/components/admin/ManageStore.tsx(597,11): error TS2339: Property 'span' does not exist on type 'JSX.IntrinsicElements'.
src/components/admin/ManageStore.tsx(597,101): error TS2339: Property 'span' does not exist on type 'JSX.IntrinsicElements'.
src/components/admin/ManageStore.tsx(598,9): error TS2339: Property 'button' does not exist on type 'JSX.IntrinsicElements'.
src/components/admin/ManageStore.tsx(600,7): error TS2339: Property 'div' does not exist on type 'JSX.IntrinsicElements'.
src/components/admin/ManageStore.tsx(603,7): error TS2339: Property 'div' does not exist on type 'JSX.IntrinsicElements'.
src/components/admin/ManageStore.tsx(604,9): error TS2339: Property 'button' does not exist on type 'JSX.IntrinsicElements'.
src/components/admin/ManageStore.tsx(606,11): error TS2339: Property 'h4' does not exist on type 'JSX.IntrinsicElements'.
src/components/admin/ManageStore.tsx(606,112): error TS2339: Property 'h4' does not exist on type 'JSX.IntrinsicElements'.
src/components/admin/ManageStore.tsx(607,11): error TS2339: Property 'span' does not exist on type 'JSX.IntrinsicElements'.
src/components/admin/ManageStore.tsx(607,95): error TS2339: Property 'span' does not exist on type 'JSX.IntrinsicElements'.
src/components/admin/ManageStore.tsx(608,9): error TS2339: Property 'button' does not exist on type 'JSX.IntrinsicElements'.
src/components/admin/ManageStore.tsx(610,11): error TS2339: Property 'form' does not exist on type 'JSX.IntrinsicElements'.
src/components/admin/ManageStore.tsx(611,13): error TS2339: Property 'div' does not exist on type 'JSX.IntrinsicElements'.
src/components/admin/ManageStore.tsx(612,15): error TS2339: Property 'div' does not exist on type 'JSX.IntrinsicElements'.
src/components/admin/ManageStore.tsx(613,17): error TS2339: Property 'div' does not exist on type 'JSX.IntrinsicElements'.
src/components/admin/ManageStore.tsx(616,17): error TS2339: Property 'div' does not exist on type 'JSX.IntrinsicElements'.
src/components/admin/ManageStore.tsx(617,17): error TS2339: Property 'div' does not exist on type 'JSX.IntrinsicElements'.
src/components/admin/ManageStore.tsx(627,17): error TS2339: Property 'div' does not exist on type 'JSX.IntrinsicElements'.
src/components/admin/ManageStore.tsx(628,15): error TS2339: Property 'div' does not exist on type 'JSX.IntrinsicElements'.
src/components/admin/ManageStore.tsx(629,15): error TS2339: Property 'div' does not exist on type 'JSX.IntrinsicElements'.
src/components/admin/ManageStore.tsx(632,15): error TS2339: Property 'div' does not exist on type 'JSX.IntrinsicElements'.
src/components/admin/ManageStore.tsx(633,15): error TS2339: Property 'div' does not exist on type 'JSX.IntrinsicElements'.
src/components/admin/ManageStore.tsx(634,17): error TS2339: Property 'div' does not exist on type 'JSX.IntrinsicElements'.
src/components/admin/ManageStore.tsx(637,17): error TS2339: Property 'div' does not exist on type 'JSX.IntrinsicElements'.
src/components/admin/ManageStore.tsx(638,17): error TS2339: Property 'div' does not exist on type 'JSX.IntrinsicElements'.
src/components/admin/ManageStore.tsx(640,19): error TS2339: Property 'div' does not exist on type 'JSX.IntrinsicElements'.
src/components/admin/ManageStore.tsx(642,21): error TS2339: Property 'span' does not exist on type 'JSX.IntrinsicElements'.
src/components/admin/ManageStore.tsx(642,96): error TS2339: Property 'span' does not exist on type 'JSX.IntrinsicElements'.
src/components/admin/ManageStore.tsx(643,19): error TS2339: Property 'div' does not exist on type 'JSX.IntrinsicElements'.
src/components/admin/ManageStore.tsx(644,17): error TS2339: Property 'div' does not exist on type 'JSX.IntrinsicElements'.
src/components/admin/ManageStore.tsx(645,15): error TS2339: Property 'div' does not exist on type 'JSX.IntrinsicElements'.
src/components/admin/ManageStore.tsx(646,15): error TS2339: Property 'div' does not exist on type 'JSX.IntrinsicElements'.
src/components/admin/ManageStore.tsx(647,17): error TS2339: Property 'div' does not exist on type 'JSX.IntrinsicElements'.
src/components/admin/ManageStore.tsx(650,17): error TS2339: Property 'div' does not exist on type 'JSX.IntrinsicElements'.
src/components/admin/ManageStore.tsx(651,17): error TS2339: Property 'div' does not exist on type 'JSX.IntrinsicElements'.
src/components/admin/ManageStore.tsx(654,17): error TS2339: Property 'div' does not exist on type 'JSX.IntrinsicElements'.
src/components/admin/ManageStore.tsx(655,15): error TS2339: Property 'div' does not exist on type 'JSX.IntrinsicElements'.
src/components/admin/ManageStore.tsx(656,15): error TS2339: Property 'div' does not exist on type 'JSX.IntrinsicElements'.
src/components/admin/ManageStore.tsx(659,15): error TS2339: Property 'div' does not exist on type 'JSX.IntrinsicElements'.
src/components/admin/ManageStore.tsx(662,15): error TS2339: Property 'div' does not exist on type 'JSX.IntrinsicElements'.
src/components/admin/ManageStore.tsx(663,17): error TS2339: Property 'div' does not exist on type 'JSX.IntrinsicElements'.
src/components/admin/ManageStore.tsx(666,17): error TS2339: Property 'div' does not exist on type 'JSX.IntrinsicElements'.
src/components/admin/ManageStore.tsx(668,19): error TS2339: Property 'div' does not exist on type 'JSX.IntrinsicElements'.
src/components/admin/ManageStore.tsx(669,21): error TS2339: Property 'div' does not exist on type 'JSX.IntrinsicElements'.
src/components/admin/ManageStore.tsx(672,21): error TS2339: Property 'div' does not exist on type 'JSX.IntrinsicElements'.
src/components/admin/ManageStore.tsx(673,21): error TS2339: Property 'div' does not exist on type 'JSX.IntrinsicElements'.
src/components/admin/ManageStore.tsx(676,21): error TS2339: Property 'div' does not exist on type 'JSX.IntrinsicElements'.
src/components/admin/ManageStore.tsx(677,19): error TS2339: Property 'div' does not exist on type 'JSX.IntrinsicElements'.
src/components/admin/ManageStore.tsx(679,15): error TS2339: Property 'div' does not exist on type 'JSX.IntrinsicElements'.
src/components/admin/ManageStore.tsx(682,15): error TS2339: Property 'div' does not exist on type 'JSX.IntrinsicElements'.
src/components/admin/ManageStore.tsx(683,17): error TS2339: Property 'div' does not exist on type 'JSX.IntrinsicElements'.
src/components/admin/ManageStore.tsx(692,17): error TS2339: Property 'div' does not exist on type 'JSX.IntrinsicElements'.
src/components/admin/ManageStore.tsx(694,19): error TS2339: Property 'div' does not exist on type 'JSX.IntrinsicElements'.
src/components/admin/ManageStore.tsx(697,23): error TS2339: Property 'div' does not exist on type 'JSX.IntrinsicElements'.
src/components/admin/ManageStore.tsx(720,25): error TS2339: Property 'button' does not exist on type 'JSX.IntrinsicElements'.
src/components/admin/ManageStore.tsx(722,25): error TS2339: Property 'button' does not exist on type 'JSX.IntrinsicElements'.
src/components/admin/ManageStore.tsx(723,23): error TS2339: Property 'div' does not exist on type 'JSX.IntrinsicElements'.
src/components/admin/ManageStore.tsx(728,19): error TS2339: Property 'div' does not exist on type 'JSX.IntrinsicElements'.
src/components/admin/ManageStore.tsx(730,15): error TS2339: Property 'div' does not exist on type 'JSX.IntrinsicElements'.
src/components/admin/ManageStore.tsx(731,15): error TS2339: Property 'div' does not exist on type 'JSX.IntrinsicElements'.
src/components/admin/ManageStore.tsx(733,17): error TS2339: Property 'div' does not exist on type 'JSX.IntrinsicElements'.
src/components/admin/ManageStore.tsx(734,19): error TS2339: Property 'label' does not exist on type 'JSX.IntrinsicElements'.
src/components/admin/ManageStore.tsx(737,21): error TS2339: Property 'input' does not exist on type 'JSX.IntrinsicElements'.
src/components/admin/ManageStore.tsx(738,19): error TS2339: Property 'label' does not exist on type 'JSX.IntrinsicElements'.
src/components/admin/ManageStore.tsx(740,21): error TS2339: Property 'img' does not exist on type 'JSX.IntrinsicElements'.
src/components/admin/ManageStore.tsx(742,17): error TS2339: Property 'div' does not exist on type 'JSX.IntrinsicElements'.
src/components/admin/ManageStore.tsx(743,15): error TS2339: Property 'div' does not exist on type 'JSX.IntrinsicElements'.
src/components/admin/ManageStore.tsx(744,13): error TS2339: Property 'div' does not exist on type 'JSX.IntrinsicElements'.
src/components/admin/ManageStore.tsx(745,13): error TS2339: Property 'div' does not exist on type 'JSX.IntrinsicElements'.
src/components/admin/ManageStore.tsx(750,13): error TS2339: Property 'div' does not exist on type 'JSX.IntrinsicElements'.
src/components/admin/ManageStore.tsx(751,11): error TS2339: Property 'form' does not exist on type 'JSX.IntrinsicElements'.
src/components/admin/ManageStore.tsx(753,7): error TS2339: Property 'div' does not exist on type 'JSX.IntrinsicElements'.
src/components/admin/ManageStore.tsx(755,7): error TS2339: Property 'div' does not exist on type 'JSX.IntrinsicElements'.
src/components/admin/ManageStore.tsx(757,11): error TS2339: Property 'p' does not exist on type 'JSX.IntrinsicElements'.
src/components/admin/ManageStore.tsx(757,86): error TS2339: Property 'p' does not exist on type 'JSX.IntrinsicElements'.
src/components/admin/ManageStore.tsx(759,11): error TS2339: Property 'p' does not exist on type 'JSX.IntrinsicElements'.
src/components/admin/ManageStore.tsx(759,99): error TS2339: Property 'p' does not exist on type 'JSX.IntrinsicElements'.
src/components/admin/ManageStore.tsx(762,13): error TS2339: Property 'div' does not exist on type 'JSX.IntrinsicElements'.
src/components/admin/ManageStore.tsx(763,15): error TS2339: Property 'div' does not exist on type 'JSX.IntrinsicElements'.
src/components/admin/ManageStore.tsx(765,19): error TS2339: Property 'img' does not exist on type 'JSX.IntrinsicElements'.
src/components/admin/ManageStore.tsx(767,19): error TS2339: Property 'div' does not exist on type 'JSX.IntrinsicElements'.
src/components/admin/ManageStore.tsx(769,19): error TS2339: Property 'div' does not exist on type 'JSX.IntrinsicElements'.
src/components/admin/ManageStore.tsx(771,17): error TS2339: Property 'div' does not exist on type 'JSX.IntrinsicElements'.
src/components/admin/ManageStore.tsx(772,19): error TS2339: Property 'p' does not exist on type 'JSX.IntrinsicElements'.
src/components/admin/ManageStore.tsx(772,87): error TS2339: Property 'p' does not exist on type 'JSX.IntrinsicElements'.
src/components/admin/ManageStore.tsx(773,19): error TS2339: Property 'p' does not exist on type 'JSX.IntrinsicElements'.
src/components/admin/ManageStore.tsx(775,19): error TS2339: Property 'p' does not exist on type 'JSX.IntrinsicElements'.
src/components/admin/ManageStore.tsx(777,21): error TS2339: Property 'p' does not exist on type 'JSX.IntrinsicElements'.
src/components/admin/ManageStore.tsx(777,91): error TS2339: Property 'p' does not exist on type 'JSX.IntrinsicElements'.
src/components/admin/ManageStore.tsx(779,17): error TS2339: Property 'div' does not exist on type 'JSX.IntrinsicElements'.
src/components/admin/ManageStore.tsx(780,17): error TS2339: Property 'span' does not exist on type 'JSX.IntrinsicElements'.
src/components/admin/ManageStore.tsx(782,17): error TS2339: Property 'span' does not exist on type 'JSX.IntrinsicElements'.
src/components/admin/ManageStore.tsx(783,17): error TS2339: Property 'div' does not exist on type 'JSX.IntrinsicElements'.
src/components/admin/ManageStore.tsx(784,19): error TS2339: Property 'button' does not exist on type 'JSX.IntrinsicElements'.
src/components/admin/ManageStore.tsx(790,19): error TS2339: Property 'button' does not exist on type 'JSX.IntrinsicElements'.
src/components/admin/ManageStore.tsx(791,19): error TS2339: Property 'button' does not exist on type 'JSX.IntrinsicElements'.
src/components/admin/ManageStore.tsx(793,19): error TS2339: Property 'button' does not exist on type 'JSX.IntrinsicElements'.
src/components/admin/ManageStore.tsx(794,19): error TS2339: Property 'button' does not exist on type 'JSX.IntrinsicElements'.
src/components/admin/ManageStore.tsx(796,19): error TS2339: Property 'button' does not exist on type 'JSX.IntrinsicElements'.
src/components/admin/ManageStore.tsx(797,17): error TS2339: Property 'div' does not exist on type 'JSX.IntrinsicElements'.
src/components/admin/ManageStore.tsx(798,15): error TS2339: Property 'div' does not exist on type 'JSX.IntrinsicElements'.
src/components/admin/ManageStore.tsx(800,17): error TS2339: Property 'div' does not exist on type 'JSX.IntrinsicElements'.
src/components/admin/ManageStore.tsx(802,17): error TS2339: Property 'div' does not exist on type 'JSX.IntrinsicElements'.
src/components/admin/ManageStore.tsx(804,13): error TS2339: Property 'div' does not exist on type 'JSX.IntrinsicElements'.
src/components/admin/ManageStore.tsx(807,7): error TS2339: Property 'div' does not exist on type 'JSX.IntrinsicElements'.
src/components/admin/ManageStore.tsx(808,5): error TS2339: Property 'div' does not exist on type 'JSX.IntrinsicElements'.
